\BOOKMARK [1][-]{section.1}{\376\377\000I\000n\000t\000r\000o\000d\000u\000c\000t\000i\000o\000n}{}% 1
\BOOKMARK [1][-]{section.2}{\376\377\000R\000e\000l\000a\000t\000e\000d\000\040\000W\000o\000r\000k}{}% 2
\BOOKMARK [1][-]{section.3}{\376\377\000M\000e\000t\000h\000o\000d}{}% 3
\BOOKMARK [1][-]{section.4}{\376\377\000R\000e\000s\000u\000l\000t\000s}{}% 4
\BOOKMARK [2][-]{subsection.4.1}{\376\377\000F\000a\000l\000s\000e\000\040\000A\000l\000a\000r\000m\000s\000\040\000f\000r\000o\000m\000\040\000W\000e\000a\000k\000\040\000O\000v\000e\000r\000l\000a\000p}{section.4}% 5
\BOOKMARK [2][-]{subsection.4.2}{\376\377\000P\000o\000w\000e\000r\000\040\000f\000o\000r\000\040\000H\000a\000r\000m\000f\000u\000l\000\040\000S\000h\000i\000f\000t\000\040\000o\000n\000\040\000C\000o\000m\000m\000o\000n\000\040\000S\000u\000p\000p\000o\000r\000t}{section.4}% 6
\BOOKMARK [2][-]{subsection.4.3}{\376\377\000R\000e\000a\000l\000-\000W\000o\000r\000l\000d\000\040\000D\000a\000t\000a}{section.4}% 7
\BOOKMARK [2][-]{subsection.4.4}{\376\377\000D\000o\000m\000a\000i\000n\000\040\000C\000l\000a\000s\000s\000i\000f\000i\000e\000r\000\040\000S\000e\000n\000s\000i\000t\000i\000v\000i\000t\000y}{section.4}% 8
\BOOKMARK [1][-]{section.5}{\376\377\000L\000i\000m\000i\000t\000a\000t\000i\000o\000n\000s}{}% 9
\BOOKMARK [1][-]{section.6}{\376\377\000C\000o\000n\000c\000l\000u\000s\000i\000o\000n}{}% 10
\BOOKMARK [1][-]{section.7}{\376\377\000B\000r\000o\000a\000d\000e\000r\000\040\000I\000m\000p\000a\000c\000t}{}% 11
\BOOKMARK [1][-]{appendix.A}{\376\377\000R\000e\000p\000r\000o\000d\000u\000c\000i\000b\000i\000l\000i\000t\000y\000\040\000P\000l\000a\000n}{}% 12
\BOOKMARK [2][-]{subsection.A.1}{\376\377\000S\000e\000n\000s\000i\000t\000i\000v\000i\000t\000y\000\040\000t\000o\000\040}{appendix.A}% 13
\BOOKMARK [2][-]{subsection.A.2}{\376\377\000P\000e\000r\000m\000u\000t\000a\000t\000i\000o\000n\000\040\000R\000e\000s\000a\000m\000p\000l\000e\000\040\000S\000e\000n\000s\000i\000t\000i\000v\000i\000t\000y}{appendix.A}% 14
\BOOKMARK [2][-]{subsection.A.3}{\376\377\000R\000e\000p\000r\000o\000d\000u\000c\000i\000b\000i\000l\000i\000t\000y\000\040\000C\000h\000e\000c\000k\000l\000i\000s\000t}{appendix.A}% 15
\BOOKMARK [1][-]{appendix.B}{\376\377\000T\000h\000e\000o\000r\000e\000t\000i\000c\000a\000l\000\040\000C\000o\000n\000t\000e\000x\000t}{}% 16
\BOOKMARK [2][-]{subsection.B.1}{\376\377\000T\000h\000e\000o\000r\000e\000t\000i\000c\000a\000l\000\040\000c\000o\000n\000t\000e\000x\000t}{appendix.B}% 17
\BOOKMARK [2][-]{subsection.B.2}{\376\377\000B\000i\000a\000s\000\040\000o\000f\000\040\000t\000h\000e\000\040\000-\000I\000n\000t\000e\000r\000p\000o\000l\000a\000t\000e\000d\000\040\000E\000s\000t\000i\000m\000a\000n\000d}{appendix.B}% 18
\BOOKMARK [1][-]{appendix.C}{\376\377\000W\000e\000i\000g\000h\000t\000i\000n\000g\000\040\000A\000p\000p\000r\000o\000a\000c\000h\000e\000s\000\040\000C\000o\000m\000p\000a\000r\000i\000s\000o\000n}{}% 19
\BOOKMARK [1][-]{appendix.D}{\376\377\000R\000e\000a\000l\000-\000D\000a\000t\000a\000\040\000T\000a\000s\000k\000\040\000D\000e\000t\000a\000i\000l\000s}{}% 20
\BOOKMARK [1][-]{appendix.E}{\376\377\000A\000s\000y\000m\000m\000e\000t\000r\000i\000c\000\040\000D\000i\000a\000g\000n\000o\000s\000t\000i\000c\000s}{}% 21
\BOOKMARK [1][-]{appendix.F}{\376\377\000S\000e\000c\000o\000n\000d\000\040\000S\000y\000n\000t\000h\000e\000t\000i\000c\000\040\000D\000a\000t\000a\000-\000G\000e\000n\000e\000r\000a\000t\000i\000n\000g\000\040\000P\000r\000o\000c\000e\000s\000s}{}% 22
\BOOKMARK [1][-]{appendix.G}{\376\377\000D\000o\000m\000a\000i\000n\000\040\000C\000l\000a\000s\000s\000i\000f\000i\000e\000r\000\040\000S\000e\000n\000s\000i\000t\000i\000v\000i\000t\000y}{}% 23
